// Jest Snapshot v1, https://goo.gl/fbAQLP

exports[`PriceRange component checks if the component matches the snapshot 1`] = `
.emotion-0 {
  padding: 0.75rem 1rem;
  border: 1px solid #E6E6E6;
  border-radius: 0.25rem;
  width: 12.25rem;
}

@media (max-width:575.95px) {
  .emotion-0 {
    width: 10.25rem;
  }
}

.emotion-0 p {
  text-align: center;
}

.emotion-0 .price-range-value-label {
  font-size: 0.75rem;
}

.emotion-0 .price-range-value {
  display: -webkit-box;
  display: -webkit-flex;
  display: -ms-flexbox;
  display: flex;
  -webkit-align-items: center;
  -webkit-box-align: center;
  -ms-flex-align: center;
  align-items: center;
  -webkit-box-pack: justify;
  -webkit-justify-content: space-between;
  justify-content: space-between;
  margin-top: 0.75rem;
  margin-bottom: 0.75rem;
}

.emotion-0 .price-range-value .MuiIconButton-root {
  width: 1.75rem;
  height: 1.75rem;
  padding: 0.25rem;
  border-radius: 0.25rem;
  background: #F2F5F9;
}

.emotion-0 .price-range-value .MuiIconButton-root svg {
  color: #6953F4;
}

.emotion-1 {
  margin: 0;
  font-size: 0.875rem;
  line-height: 1.125rem;
  font-weight: 400;
  font-family: "Roboto","Helvetica","Arial",sans-serif;
  letter-spacing: 0.01071em;
}

.emotion-3 {
  display: -webkit-inline-box;
  display: -webkit-inline-flex;
  display: -ms-inline-flexbox;
  display: inline-flex;
  -webkit-align-items: center;
  -webkit-box-align: center;
  -ms-flex-align: center;
  align-items: center;
  -webkit-box-pack: center;
  -ms-flex-pack: center;
  -webkit-justify-content: center;
  justify-content: center;
  position: relative;
  box-sizing: border-box;
  -webkit-tap-highlight-color: transparent;
  background-color: transparent;
  outline: 0;
  border: 0;
  margin: 0;
  border-radius: 0;
  padding: 0;
  cursor: pointer;
  -webkit-user-select: none;
  -moz-user-select: none;
  -ms-user-select: none;
  user-select: none;
  vertical-align: middle;
  -moz-appearance: none;
  -webkit-appearance: none;
  -webkit-text-decoration: none;
  text-decoration: none;
  color: inherit;
  text-align: center;
  -webkit-flex: 0 0 auto;
  -ms-flex: 0 0 auto;
  flex: 0 0 auto;
  font-size: 1.5rem;
  padding: 8px;
  border-radius: 50%;
  overflow: visible;
  color: rgba(0, 0, 0, 0.54);
  -webkit-transition: background-color 150ms cubic-bezier(0.4, 0, 0.2, 1) 0ms;
  transition: background-color 150ms cubic-bezier(0.4, 0, 0.2, 1) 0ms;
}

.emotion-3::-moz-focus-inner {
  border-style: none;
}

.emotion-3.Mui-disabled {
  pointer-events: none;
  cursor: default;
}

@media print {
  .emotion-3 {
    -webkit-print-color-adjust: exact;
    color-adjust: exact;
  }
}

.emotion-3:hover {
  background-color: rgba(0, 0, 0, 0.04);
}

@media (hover: none) {
  .emotion-3:hover {
    background-color: transparent;
  }
}

.emotion-3.Mui-disabled {
  background-color: transparent;
  color: rgba(0, 0, 0, 0.26);
}

.emotion-4 {
  overflow: hidden;
  pointer-events: none;
  position: absolute;
  z-index: 0;
  top: 0;
  right: 0;
  bottom: 0;
  left: 0;
  border-radius: inherit;
}

.emotion-5 {
  margin: 0;
  font-size: 1.25rem;
  line-height: 1.5rem;
  font-weight: 400;
  font-family: "Roboto","Helvetica","Arial",sans-serif;
  letter-spacing: 0.00938em;
}

<div>
  <div
    class="set-price-range-value emotion-0"
  >
    <p
      class="MuiTypography-root MuiTypography-body2 price-range-value-label emotion-1"
    >
      Min Price
    </p>
    <div
      class="price-range-value MuiBox-root emotion-2"
    >
      <button
        class="MuiButtonBase-root MuiIconButton-root MuiIconButton-sizeMedium emotion-3"
        data-testid="minus-button-test"
        tabindex="0"
        type="button"
      >
        <svg
          aria-hidden="true"
          class="svg-inline--fa fa-minus "
          data-icon="minus"
          data-prefix="fas"
          focusable="false"
          role="img"
          viewBox="0 0 448 512"
          xmlns="http://www.w3.org/2000/svg"
        >
          <path
            d="M432 256c0 17.7-14.3 32-32 32L48 288c-17.7 0-32-14.3-32-32s14.3-32 32-32l352 0c17.7 0 32 14.3 32 32z"
            fill="currentColor"
          />
        </svg>
        <span
          class="MuiTouchRipple-root emotion-4"
        />
      </button>
      <h6
        class="MuiTypography-root MuiTypography-subtitle1 emotion-5"
      >
        1.0000
      </h6>
      <button
        class="MuiButtonBase-root MuiIconButton-root MuiIconButton-sizeMedium emotion-3"
        data-testid="plus-button-test"
        tabindex="0"
        type="button"
      >
        <svg
          aria-hidden="true"
          class="svg-inline--fa fa-plus "
          data-icon="plus"
          data-prefix="fas"
          focusable="false"
          role="img"
          viewBox="0 0 448 512"
          xmlns="http://www.w3.org/2000/svg"
        >
          <path
            d="M256 80c0-17.7-14.3-32-32-32s-32 14.3-32 32V224H48c-17.7 0-32 14.3-32 32s14.3 32 32 32H192V432c0 17.7 14.3 32 32 32s32-14.3 32-32V288H400c17.7 0 32-14.3 32-32s-14.3-32-32-32H256V80z"
            fill="currentColor"
          />
        </svg>
        <span
          class="MuiTouchRipple-root emotion-4"
        />
      </button>
    </div>
    <p
      class="MuiTypography-root MuiTypography-body2 emotion-1"
    >
      -
    </p>
  </div>
</div>
`;
