// Jest Snapshot v1, https://goo.gl/fbAQLP

exports[`HandleLiquidityList component checks if the component matches the snapshot 1`] = `
<div>
  <div>
    <div
      class="makeStyles-liquidityListPool-3"
    >
      <div>
        <p>
          ETH/LSK
        </p>
      </div>
      <div>
        <i
          data-testid="arrow-down-button"
        >
          <svg
            fill="currentColor"
            height="1em"
            stroke="currentColor"
            stroke-width="0"
            viewBox="0 0 24 24"
            width="1em"
            xmlns="http://www.w3.org/2000/svg"
          >
            <path
              d="M0 0h24v24H0V0z"
              fill="none"
            />
            <path
              d="M7.41 8.59L12 13.17l4.59-4.58L18 10l-6 6-6-6 1.41-1.41z"
            />
          </svg>
        </i>
      </div>
    </div>
    <div />
    <div
      class="makeStyles-liquidityList-1"
    >
      <p>
        Do not see a pool you joined
      </p>
      <a>
        Explore existing pools
      </a>
    </div>
  </div>
</div>
`;
