// Jest Snapshot v1, https://goo.gl/fbAQLP

exports[`SelectTokenModal checks if the component matches the snapshot 1`] = `
.emotion-0 {
  position: absolute;
  top: 0;
  left: 50%;
  -webkit-transform: translateX(-50%);
  -moz-transform: translateX(-50%);
  -ms-transform: translateX(-50%);
  transform: translateX(-50%);
  z-index: 20;
  width: 28.25rem;
  border-radius: 0.5rem;
  background: #FFFFFF;
  box-shadow: 0px 1px 7px rgba(0, 0, 0, 0.1);
  padding: 1.5rem 0;
  -webkit-animation-name: appear;
  animation-name: appear;
  -webkit-animation-duration: 0.5s;
  animation-duration: 0.5s;
}

@media (max-width:575.95px) {
  .emotion-0 {
    position: absolute;
    top: 9em;
    padding-bottom: 4rem;
    width: calc(100% + 2rem);
  }
}

.emotion-0.close {
  -webkit-animation-name: disappear;
  animation-name: disappear;
  opacity: 0;
}

.emotion-0 .select-token-container {
  padding: 0 1.5rem;
}

.emotion-0 .select-token-modal-title {
  position: relative;
  display: -webkit-box;
  display: -webkit-flex;
  display: -ms-flexbox;
  display: flex;
  -webkit-align-items: center;
  -webkit-box-align: center;
  -ms-flex-align: center;
  align-items: center;
  -webkit-box-pack: center;
  -ms-flex-pack: center;
  -webkit-justify-content: center;
  justify-content: center;
}

.emotion-0 .select-token-modal-title .MuiIconButton-root {
  position: absolute;
  left: 0;
}

.emotion-0 .select-token-modal-title .MuiIconButton-root svg {
  width: 0.5rem;
  height: 0.5rem;
}

.emotion-0 .search-input-component {
  margin-top: 2.5rem;
}

.emotion-0 .select-token-common-tokens {
  margin-top: 1.5rem;
}

.emotion-0 .select-token-common-tokens .select-token-common-tokens-list {
  display: -webkit-box;
  display: -webkit-flex;
  display: -ms-flexbox;
  display: flex;
  margin-top: 0.75rem;
}

.emotion-0 .select-token-common-tokens .select-token-common-tokens-list .select-token-chain-box {
  display: -webkit-box;
  display: -webkit-flex;
  display: -ms-flexbox;
  display: flex;
  -webkit-align-items: center;
  -webkit-box-align: center;
  -ms-flex-align: center;
  align-items: center;
  border-radius: 0.75rem;
  padding: 0.375rem 0.5rem 0.375rem 0.5rem;
  background: #F2F5F9;
}

.emotion-0 .select-token-common-tokens .select-token-common-tokens-list .select-token-chain-box p {
  margin-left: 0.25rem;
}

.emotion-0 .select-token-balance-list {
  margin-top: 2.5rem;
  border-top: 1px solid #E6E6E6;
}

.emotion-0 .select-token-balance-list .select-token-balance-item {
  display: -webkit-box;
  display: -webkit-flex;
  display: -ms-flexbox;
  display: flex;
  -webkit-align-items: center;
  -webkit-box-align: center;
  -ms-flex-align: center;
  align-items: center;
  -webkit-box-pack: justify;
  -webkit-justify-content: space-between;
  justify-content: space-between;
  padding: 1rem 1.5rem;
  cursor: pointer;
}

.emotion-0 .select-token-balance-list .select-token-balance-item:hover {
  background: #F2F5F9;
}

.emotion-0 .select-token-balance-list .select-token-balance-item .token-wrapper {
  display: -webkit-box;
  display: -webkit-flex;
  display: -ms-flexbox;
  display: flex;
  -webkit-align-items: center;
  -webkit-box-align: center;
  -ms-flex-align: center;
  align-items: center;
}

.emotion-0 .select-token-balance-list .select-token-balance-item .token-wrapper .token-name-wrapper {
  margin-left: 1rem;
}

.emotion-3 {
  display: -webkit-inline-box;
  display: -webkit-inline-flex;
  display: -ms-inline-flexbox;
  display: inline-flex;
  -webkit-align-items: center;
  -webkit-box-align: center;
  -ms-flex-align: center;
  align-items: center;
  -webkit-box-pack: center;
  -ms-flex-pack: center;
  -webkit-justify-content: center;
  justify-content: center;
  position: relative;
  box-sizing: border-box;
  -webkit-tap-highlight-color: transparent;
  background-color: transparent;
  outline: 0;
  border: 0;
  margin: 0;
  border-radius: 0;
  padding: 0;
  cursor: pointer;
  -webkit-user-select: none;
  -moz-user-select: none;
  -ms-user-select: none;
  user-select: none;
  vertical-align: middle;
  -moz-appearance: none;
  -webkit-appearance: none;
  -webkit-text-decoration: none;
  text-decoration: none;
  color: inherit;
  text-align: center;
  -webkit-flex: 0 0 auto;
  -ms-flex: 0 0 auto;
  flex: 0 0 auto;
  font-size: 1.5rem;
  padding: 8px;
  border-radius: 50%;
  overflow: visible;
  color: rgba(0, 0, 0, 0.54);
  -webkit-transition: background-color 150ms cubic-bezier(0.4, 0, 0.2, 1) 0ms;
  transition: background-color 150ms cubic-bezier(0.4, 0, 0.2, 1) 0ms;
}

.emotion-3::-moz-focus-inner {
  border-style: none;
}

.emotion-3.Mui-disabled {
  pointer-events: none;
  cursor: default;
}

@media print {
  .emotion-3 {
    -webkit-print-color-adjust: exact;
    color-adjust: exact;
  }
}

.emotion-3:hover {
  background-color: rgba(0, 0, 0, 0.04);
}

@media (hover: none) {
  .emotion-3:hover {
    background-color: transparent;
  }
}

.emotion-3.Mui-disabled {
  background-color: transparent;
  color: rgba(0, 0, 0, 0.26);
}

.emotion-4 {
  overflow: hidden;
  pointer-events: none;
  position: absolute;
  z-index: 0;
  top: 0;
  right: 0;
  bottom: 0;
  left: 0;
  border-radius: inherit;
}

.emotion-5 {
  margin: 0;
  font-size: 1.25rem;
  line-height: 1.5rem;
  font-weight: 600;
  font-family: "Roboto","Helvetica","Arial",sans-serif;
  letter-spacing: 0.00735em;
}

.emotion-6 {
  display: -webkit-inline-box;
  display: -webkit-inline-flex;
  display: -ms-inline-flexbox;
  display: inline-flex;
  -webkit-flex-direction: column;
  -ms-flex-direction: column;
  flex-direction: column;
  position: relative;
  min-width: 0;
  padding: 0;
  margin: 0;
  border: 0;
  vertical-align: top;
  position: relative;
  width: 100%;
}

.emotion-6 .MuiInputLabel-root {
  display: -webkit-box;
  display: -webkit-flex;
  display: -ms-flexbox;
  display: flex;
  position: unset;
  color: #282828!important;
  font-size: 0.875rem;
  line-height: 1.124rem;
  font-weight: 400;
  -webkit-transform: none;
  -moz-transform: none;
  -ms-transform: none;
  transform: none;
  -webkit-transform: none;
  -ms-transform: none;
}

.emotion-6 .MuiInputLabel-root svg {
  cursor: pointer;
  margin-left: 0.25rem;
}

.emotion-6 .MuiInputLabel-root svg path {
  stroke: #6B7280!important;
}

.emotion-6 .search-icon {
  position: absolute;
  top: 1rem;
  left: 1rem;
  z-index: 1;
}

.emotion-6 .MuiInputBase-root {
  padding: 1rem 1rem 1rem 2.75rem;
  border-radius: 0.25rem;
  background: #F2F5F9;
  color: #282828;
  -webkit-animation-duration: 1s!important;
  animation-duration: 1s!important;
  font-size: 1rem;
  line-height: 1.25rem;
}

.emotion-6 .MuiInputBase-root input {
  padding: 0;
}

.emotion-6 .MuiInputBase-root fieldset {
  border: none;
}

.emotion-6 .MuiInputBase-root:before {
  content: none;
}

.emotion-6 .MuiInputBase-root:after {
  content: none;
}

.emotion-6 .MuiFormHelperText-root {
  color: #FF4557;
  margin: 0.5rem 0 0 0;
}

.emotion-6 .input-length-counter {
  position: absolute;
  bottom: -1.5rem;
  width: 100%;
  display: -webkit-box;
  display: -webkit-flex;
  display: -ms-flexbox;
  display: flex;
  -webkit-box-pack: end;
  -ms-flex-pack: end;
  -webkit-justify-content: end;
  justify-content: end;
  color: #6B7280;
  margin-top: 0.25rem;
  margin-bottom: 0.25rem;
}

.emotion-7 {
  color: rgba(0, 0, 0, 0.6);
  font-size: 1rem;
  line-height: 1.4375em;
  font-weight: 500;
  font-family: "Roboto","Helvetica","Arial",sans-serif;
  letter-spacing: 0.00938em;
  padding: 0;
  position: relative;
  display: block;
  transform-origin: top left;
  white-space: nowrap;
  overflow: hidden;
  text-overflow: ellipsis;
  max-width: calc(133% - 32px);
  position: absolute;
  left: 0;
  top: 0;
  -webkit-transform: translate(14px, -9px) scale(0.75);
  -moz-transform: translate(14px, -9px) scale(0.75);
  -ms-transform: translate(14px, -9px) scale(0.75);
  transform: translate(14px, -9px) scale(0.75);
  -webkit-transition: color 200ms cubic-bezier(0.0, 0, 0.2, 1) 0ms,-webkit-transform 200ms cubic-bezier(0.0, 0, 0.2, 1) 0ms,max-width 200ms cubic-bezier(0.0, 0, 0.2, 1) 0ms;
  transition: color 200ms cubic-bezier(0.0, 0, 0.2, 1) 0ms,transform 200ms cubic-bezier(0.0, 0, 0.2, 1) 0ms,max-width 200ms cubic-bezier(0.0, 0, 0.2, 1) 0ms;
  z-index: 1;
  pointer-events: auto;
  -webkit-user-select: none;
  -moz-user-select: none;
  -ms-user-select: none;
  user-select: none;
}

.emotion-7.Mui-focused {
  color: #1976d2;
}

.emotion-7.Mui-disabled {
  color: rgba(0, 0, 0, 0.38);
}

.emotion-7.Mui-error {
  color: #d32f2f;
}

.emotion-8 {
  font-size: 1rem;
  line-height: 1.4375em;
  font-weight: 500;
  font-family: "Roboto","Helvetica","Arial",sans-serif;
  letter-spacing: 0.00938em;
  color: rgba(0, 0, 0, 0.87);
  box-sizing: border-box;
  position: relative;
  cursor: text;
  display: -webkit-inline-box;
  display: -webkit-inline-flex;
  display: -ms-inline-flexbox;
  display: inline-flex;
  -webkit-align-items: center;
  -webkit-box-align: center;
  -ms-flex-align: center;
  align-items: center;
}

.emotion-8.Mui-disabled {
  color: rgba(0, 0, 0, 0.38);
  cursor: default;
}

.emotion-9 {
  font: inherit;
  letter-spacing: inherit;
  color: currentColor;
  padding: 4px 0 5px;
  border: 0;
  box-sizing: content-box;
  background: none;
  height: 1.4375em;
  margin: 0;
  -webkit-tap-highlight-color: transparent;
  display: block;
  min-width: 0;
  width: 100%;
  -webkit-animation-name: mui-auto-fill-cancel;
  animation-name: mui-auto-fill-cancel;
  -webkit-animation-duration: 10ms;
  animation-duration: 10ms;
}

.emotion-9::-webkit-input-placeholder {
  color: currentColor;
  opacity: 0.42;
  -webkit-transition: opacity 200ms cubic-bezier(0.4, 0, 0.2, 1) 0ms;
  transition: opacity 200ms cubic-bezier(0.4, 0, 0.2, 1) 0ms;
}

.emotion-9::-moz-placeholder {
  color: currentColor;
  opacity: 0.42;
  -webkit-transition: opacity 200ms cubic-bezier(0.4, 0, 0.2, 1) 0ms;
  transition: opacity 200ms cubic-bezier(0.4, 0, 0.2, 1) 0ms;
}

.emotion-9:-ms-input-placeholder {
  color: currentColor;
  opacity: 0.42;
  -webkit-transition: opacity 200ms cubic-bezier(0.4, 0, 0.2, 1) 0ms;
  transition: opacity 200ms cubic-bezier(0.4, 0, 0.2, 1) 0ms;
}

.emotion-9::-ms-input-placeholder {
  color: currentColor;
  opacity: 0.42;
  -webkit-transition: opacity 200ms cubic-bezier(0.4, 0, 0.2, 1) 0ms;
  transition: opacity 200ms cubic-bezier(0.4, 0, 0.2, 1) 0ms;
}

.emotion-9:focus {
  outline: 0;
}

.emotion-9:invalid {
  box-shadow: none;
}

.emotion-9::-webkit-search-decoration {
  -webkit-appearance: none;
}

label[data-shrink=false]+.MuiInputBase-formControl .emotion-9::-webkit-input-placeholder {
  opacity: 0!important;
}

label[data-shrink=false]+.MuiInputBase-formControl .emotion-9::-moz-placeholder {
  opacity: 0!important;
}

label[data-shrink=false]+.MuiInputBase-formControl .emotion-9:-ms-input-placeholder {
  opacity: 0!important;
}

label[data-shrink=false]+.MuiInputBase-formControl .emotion-9::-ms-input-placeholder {
  opacity: 0!important;
}

label[data-shrink=false]+.MuiInputBase-formControl .emotion-9:focus::-webkit-input-placeholder {
  opacity: 0.42;
}

label[data-shrink=false]+.MuiInputBase-formControl .emotion-9:focus::-moz-placeholder {
  opacity: 0.42;
}

label[data-shrink=false]+.MuiInputBase-formControl .emotion-9:focus:-ms-input-placeholder {
  opacity: 0.42;
}

label[data-shrink=false]+.MuiInputBase-formControl .emotion-9:focus::-ms-input-placeholder {
  opacity: 0.42;
}

.emotion-9.Mui-disabled {
  opacity: 1;
  -webkit-text-fill-color: rgba(0, 0, 0, 0.38);
}

.emotion-9:-webkit-autofill {
  -webkit-animation-duration: 5000s;
  animation-duration: 5000s;
  -webkit-animation-name: mui-auto-fill;
  animation-name: mui-auto-fill;
}

.emotion-9::-webkit-input-placeholder {
  opacity: 1;
  color: #6B7280;
}

.emotion-9::-moz-placeholder {
  opacity: 1;
  color: #6B7280;
}

.emotion-9:-ms-input-placeholder {
  opacity: 1;
  color: #6B7280;
}

.emotion-9::placeholder {
  opacity: 1;
  color: #6B7280;
}

.emotion-9::-webkit-outer-spin-button. .emotion-9::-webkit-inner-spin-button {
  -webkit-appearance: none;
  display: none;
}

.emotion-11 {
  margin: 0;
  font-size: 0.875rem;
  line-height: 1.125rem;
  font-weight: 400;
  font-family: "Roboto","Helvetica","Arial",sans-serif;
  letter-spacing: 0.01071em;
}

.emotion-12 {
  box-sizing: border-box;
  display: -webkit-box;
  display: -webkit-flex;
  display: -ms-flexbox;
  display: flex;
  -webkit-box-flex-wrap: wrap;
  -webkit-flex-wrap: wrap;
  -ms-flex-wrap: wrap;
  flex-wrap: wrap;
  width: 100%;
  -webkit-flex-direction: row;
  -ms-flex-direction: row;
  flex-direction: row;
  margin-top: -8px;
  width: calc(100% + 8px);
  margin-left: -8px;
}

.emotion-12>.MuiGrid-item {
  padding-top: 8px;
}

.emotion-12>.MuiGrid-item {
  padding-left: 8px;
}

.emotion-13 {
  box-sizing: border-box;
  margin: 0;
  -webkit-flex-direction: row;
  -ms-flex-direction: row;
  flex-direction: row;
}

.emotion-35 {
  margin: 0;
  font-size: 1rem;
  line-height: 1.375rem;
  font-weight: 500;
  font-family: "Roboto","Helvetica","Arial",sans-serif;
  letter-spacing: 0.00938em;
}

<div>
  <div
    class=" emotion-0"
  >
    <div
      class="select-token-container MuiBox-root emotion-1"
    >
      <div
        class="select-token-modal-title MuiBox-root emotion-1"
      >
        <button
          class="MuiButtonBase-root MuiIconButton-root MuiIconButton-sizeMedium emotion-3"
          data-testid="select-token-modal-cancel-test"
          tabindex="0"
          type="button"
        >
          <svg
            aria-hidden="true"
            class="svg-inline--fa fa-chevron-down "
            data-icon="chevron-down"
            data-prefix="fas"
            focusable="false"
            role="img"
            viewBox="0 0 448 512"
            xmlns="http://www.w3.org/2000/svg"
          >
            <path
              d="M224 416c-8.188 0-16.38-3.125-22.62-9.375l-192-192c-12.5-12.5-12.5-32.75 0-45.25s32.75-12.5 45.25 0L224 338.8l169.4-169.4c12.5-12.5 32.75-12.5 45.25 0s12.5 32.75 0 45.25l-192 192C240.4 412.9 232.2 416 224 416z"
              fill="currentColor"
            />
          </svg>
          <span
            class="MuiTouchRipple-root emotion-4"
          />
        </button>
        <h4
          class="MuiTypography-root MuiTypography-h4 emotion-5"
        >
          Select token
        </h4>
      </div>
      <div
        class="MuiFormControl-root search-input-component emotion-6"
      >
        <label
          class="MuiFormLabel-root MuiInputLabel-root MuiInputLabel-formControl MuiInputLabel-animated MuiInputLabel-shrink MuiInputLabel-outlined MuiFormLabel-colorPrimary MuiInputLabel-root MuiInputLabel-formControl MuiInputLabel-animated MuiInputLabel-shrink MuiInputLabel-outlined emotion-7"
          data-shrink="true"
        />
        <svg
          class="search-icon"
          fill="none"
          height="20"
          viewBox="0 0 20 20"
          width="20"
          xmlns="http://www.w3.org/2000/svg"
        >
          <g
            clip-path="url(#clip0_1371_5467)"
          >
            <path
              d="M9.16667 15.8333C12.8486 15.8333 15.8333 12.8486 15.8333 9.16667C15.8333 5.48477 12.8486 2.5 9.16667 2.5C5.48477 2.5 2.5 5.48477 2.5 9.16667C2.5 12.8486 5.48477 15.8333 9.16667 15.8333Z"
              stroke="#9A9A9A"
              stroke-linecap="round"
              stroke-linejoin="round"
              stroke-width="1.66667"
            />
            <path
              d="M17.5 17.5L13.875 13.875"
              stroke="#9A9A9A"
              stroke-linecap="round"
              stroke-linejoin="round"
              stroke-width="1.66667"
            />
          </g>
          <defs>
            <clippath
              id="clip0_1371_5467"
            >
              <rect
                fill="white"
                height="20"
                width="20"
              />
            </clippath>
          </defs>
        </svg>
        <div
          class="MuiInputBase-root MuiInputBase-colorPrimary MuiInputBase-formControl emotion-8"
        >
          <input
            aria-invalid="false"
            class="MuiInputBase-input emotion-9"
            placeholder="Search name or paste address"
            type="text"
            value=""
          />
        </div>
      </div>
      <div
        class="select-token-common-tokens MuiBox-root emotion-1"
      >
        <p
          class="MuiTypography-root MuiTypography-body2 emotion-11"
        >
          Common tokens
        </p>
        <div
          class="MuiGrid-root MuiGrid-container MuiGrid-spacing-xs-1 select-token-common-tokens-list emotion-12"
        >
          <div
            class="MuiGrid-root MuiGrid-item emotion-13"
          >
            <div
              class="select-token-chain-box MuiBox-root emotion-1"
            >
              <span
                style="box-sizing: border-box; display: inline-block; overflow: hidden; background: none; opacity: 1; border: 0px; margin: 0px; padding: 0px; position: relative; max-width: 100%;"
              >
                <span
                  style="box-sizing: border-box; display: block; background: none; opacity: 1; border: 0px; margin: 0px; padding: 0px; max-width: 100%;"
                >
                  <img
                    alt=""
                    aria-hidden="true"
                    src="data:image/svg+xml,%3csvg%20xmlns=%27http://www.w3.org/2000/svg%27%20version=%271.1%27%20width=%2720%27%20height=%2720%27/%3e"
                    style="display: block; max-width: 100%; background: none; opacity: 1; border: 0px; margin: 0px; padding: 0px;"
                  />
                </span>
                <img
                  data-nimg="intrinsic"
                  decoding="async"
                  src="data:image/gif;base64,R0lGODlhAQABAIAAAAAAAP///yH5BAEAAAAALAAAAAABAAEAAAIBRAA7"
                  style="position: absolute; top: 0px; left: 0px; bottom: 0px; right: 0px; box-sizing: border-box; padding: 0px; margin: auto; display: block; width: 0px; height: 0px; min-width: 100%; max-width: 100%; min-height: 100%; max-height: 100%;"
                />
                <noscript />
              </span>
              <p
                class="MuiTypography-root MuiTypography-body2 emotion-11"
              >
                LSK
              </p>
            </div>
          </div>
          <div
            class="MuiGrid-root MuiGrid-item emotion-13"
          >
            <div
              class="select-token-chain-box MuiBox-root emotion-1"
            >
              <span
                style="box-sizing: border-box; display: inline-block; overflow: hidden; background: none; opacity: 1; border: 0px; margin: 0px; padding: 0px; position: relative; max-width: 100%;"
              >
                <span
                  style="box-sizing: border-box; display: block; background: none; opacity: 1; border: 0px; margin: 0px; padding: 0px; max-width: 100%;"
                >
                  <img
                    alt=""
                    aria-hidden="true"
                    src="data:image/svg+xml,%3csvg%20xmlns=%27http://www.w3.org/2000/svg%27%20version=%271.1%27%20width=%2720%27%20height=%2720%27/%3e"
                    style="display: block; max-width: 100%; background: none; opacity: 1; border: 0px; margin: 0px; padding: 0px;"
                  />
                </span>
                <img
                  data-nimg="intrinsic"
                  decoding="async"
                  src="data:image/gif;base64,R0lGODlhAQABAIAAAAAAAP///yH5BAEAAAAALAAAAAABAAEAAAIBRAA7"
                  style="position: absolute; top: 0px; left: 0px; bottom: 0px; right: 0px; box-sizing: border-box; padding: 0px; margin: auto; display: block; width: 0px; height: 0px; min-width: 100%; max-width: 100%; min-height: 100%; max-height: 100%;"
                />
                <noscript />
              </span>
              <p
                class="MuiTypography-root MuiTypography-body2 emotion-11"
              >
                ETH
              </p>
            </div>
          </div>
          <div
            class="MuiGrid-root MuiGrid-item emotion-13"
          >
            <div
              class="select-token-chain-box MuiBox-root emotion-1"
            >
              <span
                style="box-sizing: border-box; display: inline-block; overflow: hidden; background: none; opacity: 1; border: 0px; margin: 0px; padding: 0px; position: relative; max-width: 100%;"
              >
                <span
                  style="box-sizing: border-box; display: block; background: none; opacity: 1; border: 0px; margin: 0px; padding: 0px; max-width: 100%;"
                >
                  <img
                    alt=""
                    aria-hidden="true"
                    src="data:image/svg+xml,%3csvg%20xmlns=%27http://www.w3.org/2000/svg%27%20version=%271.1%27%20width=%2720%27%20height=%2720%27/%3e"
                    style="display: block; max-width: 100%; background: none; opacity: 1; border: 0px; margin: 0px; padding: 0px;"
                  />
                </span>
                <img
                  data-nimg="intrinsic"
                  decoding="async"
                  src="data:image/gif;base64,R0lGODlhAQABAIAAAAAAAP///yH5BAEAAAAALAAAAAABAAEAAAIBRAA7"
                  style="position: absolute; top: 0px; left: 0px; bottom: 0px; right: 0px; box-sizing: border-box; padding: 0px; margin: auto; display: block; width: 0px; height: 0px; min-width: 100%; max-width: 100%; min-height: 100%; max-height: 100%;"
                />
                <noscript />
              </span>
              <p
                class="MuiTypography-root MuiTypography-body2 emotion-11"
              >
                DEU
              </p>
            </div>
          </div>
          <div
            class="MuiGrid-root MuiGrid-item emotion-13"
          >
            <div
              class="select-token-chain-box MuiBox-root emotion-1"
            >
              <span
                style="box-sizing: border-box; display: inline-block; overflow: hidden; background: none; opacity: 1; border: 0px; margin: 0px; padding: 0px; position: relative; max-width: 100%;"
              >
                <span
                  style="box-sizing: border-box; display: block; background: none; opacity: 1; border: 0px; margin: 0px; padding: 0px; max-width: 100%;"
                >
                  <img
                    alt=""
                    aria-hidden="true"
                    src="data:image/svg+xml,%3csvg%20xmlns=%27http://www.w3.org/2000/svg%27%20version=%271.1%27%20width=%2720%27%20height=%2720%27/%3e"
                    style="display: block; max-width: 100%; background: none; opacity: 1; border: 0px; margin: 0px; padding: 0px;"
                  />
                </span>
                <img
                  data-nimg="intrinsic"
                  decoding="async"
                  src="data:image/gif;base64,R0lGODlhAQABAIAAAAAAAP///yH5BAEAAAAALAAAAAABAAEAAAIBRAA7"
                  style="position: absolute; top: 0px; left: 0px; bottom: 0px; right: 0px; box-sizing: border-box; padding: 0px; margin: auto; display: block; width: 0px; height: 0px; min-width: 100%; max-width: 100%; min-height: 100%; max-height: 100%;"
                />
                <noscript />
              </span>
              <p
                class="MuiTypography-root MuiTypography-body2 emotion-11"
              >
                FAE
              </p>
            </div>
          </div>
          <div
            class="MuiGrid-root MuiGrid-item emotion-13"
          >
            <div
              class="select-token-chain-box MuiBox-root emotion-1"
            >
              <span
                style="box-sizing: border-box; display: inline-block; overflow: hidden; background: none; opacity: 1; border: 0px; margin: 0px; padding: 0px; position: relative; max-width: 100%;"
              >
                <span
                  style="box-sizing: border-box; display: block; background: none; opacity: 1; border: 0px; margin: 0px; padding: 0px; max-width: 100%;"
                >
                  <img
                    alt=""
                    aria-hidden="true"
                    src="data:image/svg+xml,%3csvg%20xmlns=%27http://www.w3.org/2000/svg%27%20version=%271.1%27%20width=%2720%27%20height=%2720%27/%3e"
                    style="display: block; max-width: 100%; background: none; opacity: 1; border: 0px; margin: 0px; padding: 0px;"
                  />
                </span>
                <img
                  data-nimg="intrinsic"
                  decoding="async"
                  src="data:image/gif;base64,R0lGODlhAQABAIAAAAAAAP///yH5BAEAAAAALAAAAAABAAEAAAIBRAA7"
                  style="position: absolute; top: 0px; left: 0px; bottom: 0px; right: 0px; box-sizing: border-box; padding: 0px; margin: auto; display: block; width: 0px; height: 0px; min-width: 100%; max-width: 100%; min-height: 100%; max-height: 100%;"
                />
                <noscript />
              </span>
              <p
                class="MuiTypography-root MuiTypography-body2 emotion-11"
              >
                KLP
              </p>
            </div>
          </div>
          <div
            class="MuiGrid-root MuiGrid-item emotion-13"
          >
            <div
              class="select-token-chain-box MuiBox-root emotion-1"
            >
              <span
                style="box-sizing: border-box; display: inline-block; overflow: hidden; background: none; opacity: 1; border: 0px; margin: 0px; padding: 0px; position: relative; max-width: 100%;"
              >
                <span
                  style="box-sizing: border-box; display: block; background: none; opacity: 1; border: 0px; margin: 0px; padding: 0px; max-width: 100%;"
                >
                  <img
                    alt=""
                    aria-hidden="true"
                    src="data:image/svg+xml,%3csvg%20xmlns=%27http://www.w3.org/2000/svg%27%20version=%271.1%27%20width=%2720%27%20height=%2720%27/%3e"
                    style="display: block; max-width: 100%; background: none; opacity: 1; border: 0px; margin: 0px; padding: 0px;"
                  />
                </span>
                <img
                  data-nimg="intrinsic"
                  decoding="async"
                  src="data:image/gif;base64,R0lGODlhAQABAIAAAAAAAP///yH5BAEAAAAALAAAAAABAAEAAAIBRAA7"
                  style="position: absolute; top: 0px; left: 0px; bottom: 0px; right: 0px; box-sizing: border-box; padding: 0px; margin: auto; display: block; width: 0px; height: 0px; min-width: 100%; max-width: 100%; min-height: 100%; max-height: 100%;"
                />
                <noscript />
              </span>
              <p
                class="MuiTypography-root MuiTypography-body2 emotion-11"
              >
                RGB
              </p>
            </div>
          </div>
        </div>
      </div>
    </div>
    <div
      class="select-token-balance-list MuiBox-root emotion-1"
    >
      <div
        class="select-token-balance-item MuiBox-root emotion-1"
        data-testid="token-item-LSK"
      >
        <div
          class="token-wrapper MuiBox-root emotion-1"
        >
          <span
            style="box-sizing: border-box; display: inline-block; overflow: hidden; background: none; opacity: 1; border: 0px; margin: 0px; padding: 0px; position: relative; max-width: 100%;"
          >
            <span
              style="box-sizing: border-box; display: block; background: none; opacity: 1; border: 0px; margin: 0px; padding: 0px; max-width: 100%;"
            >
              <img
                alt=""
                aria-hidden="true"
                src="data:image/svg+xml,%3csvg%20xmlns=%27http://www.w3.org/2000/svg%27%20version=%271.1%27%20width=%2740%27%20height=%2740%27/%3e"
                style="display: block; max-width: 100%; background: none; opacity: 1; border: 0px; margin: 0px; padding: 0px;"
              />
            </span>
            <img
              data-nimg="intrinsic"
              decoding="async"
              src="data:image/gif;base64,R0lGODlhAQABAIAAAAAAAP///yH5BAEAAAAALAAAAAABAAEAAAIBRAA7"
              style="position: absolute; top: 0px; left: 0px; bottom: 0px; right: 0px; box-sizing: border-box; padding: 0px; margin: auto; display: block; width: 0px; height: 0px; min-width: 100%; max-width: 100%; min-height: 100%; max-height: 100%;"
            />
            <noscript />
          </span>
          <div
            class="token-name-wrapper MuiBox-root emotion-1"
          >
            <p
              class="MuiTypography-root MuiTypography-body1 token-short-name emotion-35"
            >
              LSK
            </p>
            <p
              class="MuiTypography-root MuiTypography-body2 emotion-11"
            >
              Lisk
            </p>
          </div>
        </div>
        <p
          class="MuiTypography-root MuiTypography-body1 emotion-35"
        >
          0
        </p>
      </div>
      <div
        class="select-token-balance-item MuiBox-root emotion-1"
        data-testid="token-item-ETH"
      >
        <div
          class="token-wrapper MuiBox-root emotion-1"
        >
          <span
            style="box-sizing: border-box; display: inline-block; overflow: hidden; background: none; opacity: 1; border: 0px; margin: 0px; padding: 0px; position: relative; max-width: 100%;"
          >
            <span
              style="box-sizing: border-box; display: block; background: none; opacity: 1; border: 0px; margin: 0px; padding: 0px; max-width: 100%;"
            >
              <img
                alt=""
                aria-hidden="true"
                src="data:image/svg+xml,%3csvg%20xmlns=%27http://www.w3.org/2000/svg%27%20version=%271.1%27%20width=%2740%27%20height=%2740%27/%3e"
                style="display: block; max-width: 100%; background: none; opacity: 1; border: 0px; margin: 0px; padding: 0px;"
              />
            </span>
            <img
              data-nimg="intrinsic"
              decoding="async"
              src="data:image/gif;base64,R0lGODlhAQABAIAAAAAAAP///yH5BAEAAAAALAAAAAABAAEAAAIBRAA7"
              style="position: absolute; top: 0px; left: 0px; bottom: 0px; right: 0px; box-sizing: border-box; padding: 0px; margin: auto; display: block; width: 0px; height: 0px; min-width: 100%; max-width: 100%; min-height: 100%; max-height: 100%;"
            />
            <noscript />
          </span>
          <div
            class="token-name-wrapper MuiBox-root emotion-1"
          >
            <p
              class="MuiTypography-root MuiTypography-body1 token-short-name emotion-35"
            >
              ETH
            </p>
            <p
              class="MuiTypography-root MuiTypography-body2 emotion-11"
            >
              Ethereum
            </p>
          </div>
        </div>
        <p
          class="MuiTypography-root MuiTypography-body1 emotion-35"
        >
          0
        </p>
      </div>
      <div
        class="select-token-balance-item MuiBox-root emotion-1"
        data-testid="token-item-DEU"
      >
        <div
          class="token-wrapper MuiBox-root emotion-1"
        >
          <span
            style="box-sizing: border-box; display: inline-block; overflow: hidden; background: none; opacity: 1; border: 0px; margin: 0px; padding: 0px; position: relative; max-width: 100%;"
          >
            <span
              style="box-sizing: border-box; display: block; background: none; opacity: 1; border: 0px; margin: 0px; padding: 0px; max-width: 100%;"
            >
              <img
                alt=""
                aria-hidden="true"
                src="data:image/svg+xml,%3csvg%20xmlns=%27http://www.w3.org/2000/svg%27%20version=%271.1%27%20width=%2740%27%20height=%2740%27/%3e"
                style="display: block; max-width: 100%; background: none; opacity: 1; border: 0px; margin: 0px; padding: 0px;"
              />
            </span>
            <img
              data-nimg="intrinsic"
              decoding="async"
              src="data:image/gif;base64,R0lGODlhAQABAIAAAAAAAP///yH5BAEAAAAALAAAAAABAAEAAAIBRAA7"
              style="position: absolute; top: 0px; left: 0px; bottom: 0px; right: 0px; box-sizing: border-box; padding: 0px; margin: auto; display: block; width: 0px; height: 0px; min-width: 100%; max-width: 100%; min-height: 100%; max-height: 100%;"
            />
            <noscript />
          </span>
          <div
            class="token-name-wrapper MuiBox-root emotion-1"
          >
            <p
              class="MuiTypography-root MuiTypography-body1 token-short-name emotion-35"
            >
              DEU
            </p>
            <p
              class="MuiTypography-root MuiTypography-body2 emotion-11"
            >
              DEU
            </p>
          </div>
        </div>
        <p
          class="MuiTypography-root MuiTypography-body1 emotion-35"
        >
          0
        </p>
      </div>
      <div
        class="select-token-balance-item MuiBox-root emotion-1"
        data-testid="token-item-FAE"
      >
        <div
          class="token-wrapper MuiBox-root emotion-1"
        >
          <span
            style="box-sizing: border-box; display: inline-block; overflow: hidden; background: none; opacity: 1; border: 0px; margin: 0px; padding: 0px; position: relative; max-width: 100%;"
          >
            <span
              style="box-sizing: border-box; display: block; background: none; opacity: 1; border: 0px; margin: 0px; padding: 0px; max-width: 100%;"
            >
              <img
                alt=""
                aria-hidden="true"
                src="data:image/svg+xml,%3csvg%20xmlns=%27http://www.w3.org/2000/svg%27%20version=%271.1%27%20width=%2740%27%20height=%2740%27/%3e"
                style="display: block; max-width: 100%; background: none; opacity: 1; border: 0px; margin: 0px; padding: 0px;"
              />
            </span>
            <img
              data-nimg="intrinsic"
              decoding="async"
              src="data:image/gif;base64,R0lGODlhAQABAIAAAAAAAP///yH5BAEAAAAALAAAAAABAAEAAAIBRAA7"
              style="position: absolute; top: 0px; left: 0px; bottom: 0px; right: 0px; box-sizing: border-box; padding: 0px; margin: auto; display: block; width: 0px; height: 0px; min-width: 100%; max-width: 100%; min-height: 100%; max-height: 100%;"
            />
            <noscript />
          </span>
          <div
            class="token-name-wrapper MuiBox-root emotion-1"
          >
            <p
              class="MuiTypography-root MuiTypography-body1 token-short-name emotion-35"
            >
              FAE
            </p>
            <p
              class="MuiTypography-root MuiTypography-body2 emotion-11"
            >
              Faet
            </p>
          </div>
        </div>
        <p
          class="MuiTypography-root MuiTypography-body1 emotion-35"
        >
          0
        </p>
      </div>
      <div
        class="select-token-balance-item MuiBox-root emotion-1"
        data-testid="token-item-KLP"
      >
        <div
          class="token-wrapper MuiBox-root emotion-1"
        >
          <span
            style="box-sizing: border-box; display: inline-block; overflow: hidden; background: none; opacity: 1; border: 0px; margin: 0px; padding: 0px; position: relative; max-width: 100%;"
          >
            <span
              style="box-sizing: border-box; display: block; background: none; opacity: 1; border: 0px; margin: 0px; padding: 0px; max-width: 100%;"
            >
              <img
                alt=""
                aria-hidden="true"
                src="data:image/svg+xml,%3csvg%20xmlns=%27http://www.w3.org/2000/svg%27%20version=%271.1%27%20width=%2740%27%20height=%2740%27/%3e"
                style="display: block; max-width: 100%; background: none; opacity: 1; border: 0px; margin: 0px; padding: 0px;"
              />
            </span>
            <img
              data-nimg="intrinsic"
              decoding="async"
              src="data:image/gif;base64,R0lGODlhAQABAIAAAAAAAP///yH5BAEAAAAALAAAAAABAAEAAAIBRAA7"
              style="position: absolute; top: 0px; left: 0px; bottom: 0px; right: 0px; box-sizing: border-box; padding: 0px; margin: auto; display: block; width: 0px; height: 0px; min-width: 100%; max-width: 100%; min-height: 100%; max-height: 100%;"
            />
            <noscript />
          </span>
          <div
            class="token-name-wrapper MuiBox-root emotion-1"
          >
            <p
              class="MuiTypography-root MuiTypography-body1 token-short-name emotion-35"
            >
              KLP
            </p>
            <p
              class="MuiTypography-root MuiTypography-body2 emotion-11"
            >
              Kalipo
            </p>
          </div>
        </div>
        <p
          class="MuiTypography-root MuiTypography-body1 emotion-35"
        >
          0
        </p>
      </div>
      <div
        class="select-token-balance-item MuiBox-root emotion-1"
        data-testid="token-item-RGB"
      >
        <div
          class="token-wrapper MuiBox-root emotion-1"
        >
          <span
            style="box-sizing: border-box; display: inline-block; overflow: hidden; background: none; opacity: 1; border: 0px; margin: 0px; padding: 0px; position: relative; max-width: 100%;"
          >
            <span
              style="box-sizing: border-box; display: block; background: none; opacity: 1; border: 0px; margin: 0px; padding: 0px; max-width: 100%;"
            >
              <img
                alt=""
                aria-hidden="true"
                src="data:image/svg+xml,%3csvg%20xmlns=%27http://www.w3.org/2000/svg%27%20version=%271.1%27%20width=%2740%27%20height=%2740%27/%3e"
                style="display: block; max-width: 100%; background: none; opacity: 1; border: 0px; margin: 0px; padding: 0px;"
              />
            </span>
            <img
              data-nimg="intrinsic"
              decoding="async"
              src="data:image/gif;base64,R0lGODlhAQABAIAAAAAAAP///yH5BAEAAAAALAAAAAABAAEAAAIBRAA7"
              style="position: absolute; top: 0px; left: 0px; bottom: 0px; right: 0px; box-sizing: border-box; padding: 0px; margin: auto; display: block; width: 0px; height: 0px; min-width: 100%; max-width: 100%; min-height: 100%; max-height: 100%;"
            />
            <noscript />
          </span>
          <div
            class="token-name-wrapper MuiBox-root emotion-1"
          >
            <p
              class="MuiTypography-root MuiTypography-body1 token-short-name emotion-35"
            >
              RGB
            </p>
            <p
              class="MuiTypography-root MuiTypography-body2 emotion-11"
            >
              RGB
            </p>
          </div>
        </div>
        <p
          class="MuiTypography-root MuiTypography-body1 emotion-35"
        >
          0
        </p>
      </div>
    </div>
  </div>
</div>
`;
